// Jest Snapshot v1, https://goo.gl/fbAQLP

exports[`Check if CustomButton component renders correctly 1`] = `
<View
  accessible={true}
  collapsable={false}
  focusable={false}
  onClick={[Function]}
  onResponderGrant={[Function]}
  onResponderMove={[Function]}
  onResponderRelease={[Function]}
  onResponderTerminate={[Function]}
  onResponderTerminationRequest={[Function]}
  onStartShouldSetResponder={[Function]}
  style={
    Object {
      "opacity": 1,
    }
  }
>
  <View
    style={
      Object {
        "alignItems": "center",
        "backgroundColor": "#347174",
        "display": "flex",
        "height": 50,
        "justifyContent": "center",
        "marginTop": 40,
      }
    }
  >
    <Text
      style={
        Object {
          "color": "white",
          "fontSize": 15,
        }
      }
    />
  </View>
</View>
`;
