// Jest Snapshot v1, https://goo.gl/fbAQLP

exports[`Check if NoClinicalTests component renders correctly 1`] = `
<View
  style={
    Object {
      "alignItems": "center",
      "display": "flex",
      "height": "100%",
      "justifyContent": "center",
    }
  }
>
  <Text
    style={
      Object {
        "fontSize": 20,
      }
    }
  >
    No clinical tests found
  </Text>
</View>
`;
